[INFO] Scanning for projects...
[INFO] 
[INFO] -----------------------< com.stok.anandam:store >-----------------------
[INFO] Building store 0.0.1-SNAPSHOT
[INFO]   from pom.xml
[INFO] --------------------------------[ jar ]---------------------------------
[INFO] 
[INFO] --- resources:3.3.1:resources (default-resources) @ store ---
[INFO] Copying 5 resources from src\main\resources to target\classes
[INFO] Copying 3 resources from src\main\resources to target\classes
[INFO] 
[INFO] --- compiler:3.14.1:compile (default-compile) @ store ---
[INFO] Recompiling the module because of changed source code.
[INFO] Compiling 157 source files with javac [debug parameters release 17] to target\classes
[INFO] /D:/Idos/Coding/JAVA/Spring Boot/store/src/main/java/com/stok/anandam/store/service/ItemSnService.java: D:\Idos\Coding\JAVA\Spring Boot\store\src\main\java\com\stok\anandam\store\service\ItemSnService.java uses or overrides a deprecated API.
[INFO] /D:/Idos/Coding/JAVA/Spring Boot/store/src/main/java/com/stok/anandam/store/service/ItemSnService.java: Recompile with -Xlint:deprecation for details.
[INFO] -------------------------------------------------------------
[ERROR] COMPILATION ERROR : 
[INFO] -------------------------------------------------------------
[ERROR] /D:/Idos/Coding/JAVA/Spring Boot/store/src/main/java/com/stok/anandam/store/service/MemoService.java:[555,40] cannot find symbol
  symbol:   variable PENDING
  location: class com.stok.anandam.store.core.postgres.model.enums.MemoStatus
[ERROR] /D:/Idos/Coding/JAVA/Spring Boot/store/src/main/java/com/stok/anandam/store/service/MemoService.java:[578,68] cannot find symbol
  symbol:   variable PENDING
  location: class com.stok.anandam.store.core.postgres.model.enums.MemoStatus
[ERROR] /D:/Idos/Coding/JAVA/Spring Boot/store/src/main/java/com/stok/anandam/store/service/MemoService.java:[614,39] cannot find symbol
  symbol:   variable DELETED
  location: class com.stok.anandam.store.core.postgres.model.enums.MemoStatus
[ERROR] /D:/Idos/Coding/JAVA/Spring Boot/store/src/main/java/com/stok/anandam/store/service/MemoService.java:[636,33] cannot find symbol
  symbol:   method getMemoType()
  location: variable request of type com.stok.anandam.store.dto.UpdateMemoTypeRequest
[ERROR] /D:/Idos/Coding/JAVA/Spring Boot/store/src/main/java/com/stok/anandam/store/service/MemoService.java:[639,158] cannot find symbol
  symbol:   method getMemoType()
  location: variable request of type com.stok.anandam.store.dto.UpdateMemoTypeRequest
[INFO] 5 errors 
[INFO] -------------------------------------------------------------
[INFO] ------------------------------------------------------------------------
[INFO] BUILD FAILURE
[INFO] ------------------------------------------------------------------------
[INFO] Total time:  7.974 s
[INFO] Finished at: 2026-04-07T13:54:19+07:00
[INFO] ------------------------------------------------------------------------
[ERROR] Failed to execute goal org.apache.maven.plugins:maven-compiler-plugin:3.14.1:compile (default-compile) on project store: Compilation failure: Compilation failure: 
[ERROR] /D:/Idos/Coding/JAVA/Spring Boot/store/src/main/java/com/stok/anandam/store/service/MemoService.java:[555,40] cannot find symbol
[ERROR]   symbol:   variable PENDING
[ERROR]   location: class com.stok.anandam.store.core.postgres.model.enums.MemoStatus
[ERROR] /D:/Idos/Coding/JAVA/Spring Boot/store/src/main/java/com/stok/anandam/store/service/MemoService.java:[578,68] cannot find symbol
[ERROR]   symbol:   variable PENDING
[ERROR]   location: class com.stok.anandam.store.core.postgres.model.enums.MemoStatus
[ERROR] /D:/Idos/Coding/JAVA/Spring Boot/store/src/main/java/com/stok/anandam/store/service/MemoService.java:[614,39] cannot find symbol
[ERROR]   symbol:   variable DELETED
[ERROR]   location: class com.stok.anandam.store.core.postgres.model.enums.MemoStatus
[ERROR] /D:/Idos/Coding/JAVA/Spring Boot/store/src/main/java/com/stok/anandam/store/service/MemoService.java:[636,33] cannot find symbol
[ERROR]   symbol:   method getMemoType()
[ERROR]   location: variable request of type com.stok.anandam.store.dto.UpdateMemoTypeRequest
[ERROR] /D:/Idos/Coding/JAVA/Spring Boot/store/src/main/java/com/stok/anandam/store/service/MemoService.java:[639,158] cannot find symbol
[ERROR]   symbol:   method getMemoType()
[ERROR]   location: variable request of type com.stok.anandam.store.dto.UpdateMemoTypeRequest
[ERROR] -> [Help 1]
[ERROR] 
[ERROR] To see the full stack trace of the errors, re-run Maven with the -e switch.
[ERROR] Re-run Maven using the -X switch to enable full debug logging.
[ERROR] 
[ERROR] For more information about the errors and possible solutions, please read the following articles:
[ERROR] [Help 1] http://cwiki.apache.org/confluence/display/MAVEN/MojoFailureException
